python : C:\Users\orle
i\AppData\Local\Progra
ms\Python\Python313\Li
b\site-packages\sqlalc
hemy\sql\schema.py:359
6: 
DeprecationWarning: da
tetime.datetime.utcnow
() is deprecated and 
scheduled for removal 
in a future version. 
Use timezone-aware 
objects to represent 
datetimes in UTC: date
time.datetime.now(date
time.UTC).
No linha:1 caractere:1
+ python tests/test_fl
uxo_caixa.py > 
test_errors.txt 2>&1
+ ~~~~~~~~~~~~~~~~~~~~
~~~~~~~~~~~~~~~~~~~~~~
~~~~~~~~~~~~~
    + CategoryInfo    
          : NotSpeci  
  fied: (C:\Users\o   
 rlei\...(datetime    
.UTC).:String) []    
, RemoteException
    + FullyQualifiedE 
   rrorId : NativeCo  
  mmandError
 
  return util.wrap_cal
lable(lambda ctx: 
fn(), fn)  # type: 
ignore
EC:\Users\orlei\AppDat
a\Local\Programs\Pytho
n\Python313\Lib\site-p
ackages\sqlalchemy\sql
\schema.py:3596: 
DeprecationWarning: da
tetime.datetime.utcnow
() is deprecated and 
scheduled for removal 
in a future version. 
Use timezone-aware 
objects to represent 
datetimes in UTC: date
time.datetime.now(date
time.UTC).
  return util.wrap_cal
lable(lambda ctx: 
fn(), fn)  # type: 
ignore
EE
======================
======================
======================
====
ERROR: 
test_criar_balanco (__
main__.TestFluxoCaixa.
test_criar_balanco)
----------------------
----------------------
----------------------
----
Traceback (most 
recent call last):
  File "C:\Users\orlei
\OneDrive\ProjPython\F
INAN\tests\test_fluxo_
caixa.py", line 23, 
in setUp
    self.user = User(u
sername='test_user', 
password='password')
                ~~~~^^
^^^^^^^^^^^^^^^^^^^^^^
^^^^^^^^^^^^^^^^^^^
  File "<string>", 
line 4, in __init__
  File "C:\Users\orlei
\AppData\Local\Program
s\Python\Python313\Lib
\site-packages\sqlalch
emy\orm\state.py", 
line 571, in 
_initialize_instance
    with 
util.safe_reraise():
         
~~~~~~~~~~~~~~~~~^^
  File "C:\Users\orlei
\AppData\Local\Program
s\Python\Python313\Lib
\site-packages\sqlalch
emy\util\langhelpers.p
y", line 146, in 
__exit__
    raise exc_value.wi
th_traceback(exc_tb)
  File "C:\Users\orlei
\AppData\Local\Program
s\Python\Python313\Lib
\site-packages\sqlalch
emy\orm\state.py", 
line 569, in 
_initialize_instance
    manager.original_i
nit(*mixed[1:], 
**kwargs)
    ~~~~~~~~~~~~~~~~~~
~~~^^^^^^^^^^^^^^^^^^^
^^^
  File "C:\Users\orlei
\AppData\Local\Program
s\Python\Python313\Lib
\site-packages\sqlalch
emy\orm\decl_base.py",
 line 2177, in _declar
ative_constructor
    raise TypeError(
        "%r is an 
invalid keyword 
argument for %s" % 
(k, cls_.__name__)
    )
TypeError: 'password' 
is an invalid keyword 
argument for User

======================
======================
======================
====
ERROR: 
test_criar_evento (__m
ain__.TestFluxoCaixa.t
est_criar_evento)
----------------------
----------------------
----------------------
----
Traceback (most 
recent call last):
  File "C:\Users\orlei
\OneDrive\ProjPython\F
INAN\tests\test_fluxo_
caixa.py", line 23, 
in setUp
    self.user = User(u
sername='test_user', 
password='password')
                ~~~~^^
^^^^^^^^^^^^^^^^^^^^^^
^^^^^^^^^^^^^^^^^^^
  File "<string>", 
line 4, in __init__
  File "C:\Users\orlei
\AppData\Local\Program
s\Python\Python313\Lib
\site-packages\sqlalch
emy\orm\state.py", 
line 571, in 
_initialize_instance
    with 
util.safe_reraise():
         
~~~~~~~~~~~~~~~~~^^
  File "C:\Users\orlei
\AppData\Local\Program
s\Python\Python313\Lib
\site-packages\sqlalch
emy\util\langhelpers.p
y", line 146, in 
__exit__
    raise exc_value.wi
th_traceback(exc_tb)
  File "C:\Users\orlei
\AppData\Local\Program
s\Python\Python313\Lib
\site-packages\sqlalch
emy\orm\state.py", 
line 569, in 
_initialize_instance
    manager.original_i
nit(*mixed[1:], 
**kwargs)
    ~~~~~~~~~~~~~~~~~~
~~~^^^^^^^^^^^^^^^^^^^
^^^
  File "C:\Users\orlei
\AppData\Local\Program
s\Python\Python313\Lib
\site-packages\sqlalch
emy\orm\decl_base.py",
 line 2177, in _declar
ative_constructor
    raise TypeError(
        "%r is an 
invalid keyword 
argument for %s" % 
(k, cls_.__name__)
    )
TypeError: 'password' 
is an invalid keyword 
argument for User

======================
======================
======================
====
ERROR: 
test_index_route (__ma
in__.TestFluxoCaixa.te
st_index_route)
----------------------
----------------------
----------------------
----
Traceback (most 
recent call last):
  File "C:\Users\orlei
\OneDrive\ProjPython\F
INAN\tests\test_fluxo_
caixa.py", line 23, 
in setUp
    self.user = User(u
sername='test_user', 
password='password')
                ~~~~^^
^^^^^^^^^^^^^^^^^^^^^^
^^^^^^^^^^^^^^^^^^^
  File "<string>", 
line 4, in __init__
  File "C:\Users\orlei
\AppData\Local\Program
s\Python\Python313\Lib
\site-packages\sqlalch
emy\orm\state.py", 
line 571, in 
_initialize_instance
    with 
util.safe_reraise():
         
~~~~~~~~~~~~~~~~~^^
  File "C:\Users\orlei
\AppData\Local\Program
s\Python\Python313\Lib
\site-packages\sqlalch
emy\util\langhelpers.p
y", line 146, in 
__exit__
    raise exc_value.wi
th_traceback(exc_tb)
  File "C:\Users\orlei
\AppData\Local\Program
s\Python\Python313\Lib
\site-packages\sqlalch
emy\orm\state.py", 
line 569, in 
_initialize_instance
    manager.original_i
nit(*mixed[1:], 
**kwargs)
    ~~~~~~~~~~~~~~~~~~
~~~^^^^^^^^^^^^^^^^^^^
^^^
  File "C:\Users\orlei
\AppData\Local\Program
s\Python\Python313\Lib
\site-packages\sqlalch
emy\orm\decl_base.py",
 line 2177, in _declar
ative_constructor
    raise TypeError(
        "%r is an 
invalid keyword 
argument for %s" % 
(k, cls_.__name__)
    )
TypeError: 'password' 
is an invalid keyword 
argument for User

Banco de dados inicializado com sucesso!
Banco de dados inicializado com sucesso!
Banco de dados inicializado com sucesso!
----------------------
----------------------
----------------------
----
Ran 3 tests in 0.930s

FAILED (errors=3)
