python : EE
No linha:1 
caractere:1
+ python tests/test_r
eporting.py > 
test_output.txt 2>&1
+ ~~~~~~~~~~~~~~~~~~~
~~~~~~~~~~~~~~~~~~~~~
~~~~~~~~~~~~~
    + CategoryInfo   
           : NotSpe  
  cified: (EE:Stri   
 ng) [], RemoteEx    
ception
    + FullyQualified 
   ErrorId : Native  
  CommandError
 
=====================
=====================
=====================
=======
ERROR: test_atualizar
_grafico (__main__.Te
stReporting.test_atua
lizar_grafico)
---------------------
---------------------
---------------------
-------
Traceback (most 
recent call last):
  File "C:\Users\Orle
i\OneDrive\ProjPython
\FINAN\tests\test_rep
orting.py", line 17, 
in setUp
    self.app = Sistem
aFinanceiro(self.root
)
               ^^^^^^
^^^^^^^^^^^^^^^^^^^^^
^
  File "C:\Users\Orle
i\OneDrive\ProjPython
\FINAN\sistema_financ
eiro_v15.py", line 
595, in __init__
    arquivo_menu.add_
command(label="Import
ar de Planilha 
Excel...", command=se
lf.abrir_importador_e
xcel)
                     
                     
                     
             ^^^^^^^^
^^^^^^^^^^^^^^^^^^^
AttributeError: 
'SistemaFinanceiro' 
object has no 
attribute 'abrir_impo
rtador_excel'. Did 
you mean: 'abrir_impo
rtador_supabase'?

=====================
=====================
=====================
=======
ERROR: test_mostrar_r
elatorio_mensal_perio
do (__main__.TestRepo
rting.test_mostrar_re
latorio_mensal_period
o)
---------------------
---------------------
---------------------
-------
Traceback (most 
recent call last):
  File "C:\Users\Orle
i\OneDrive\ProjPython
\FINAN\tests\test_rep
orting.py", line 17, 
in setUp
    self.app = Sistem
aFinanceiro(self.root
)
               ^^^^^^
^^^^^^^^^^^^^^^^^^^^^
^
  File "C:\Users\Orle
i\OneDrive\ProjPython
\FINAN\sistema_financ
eiro_v15.py", line 
595, in __init__
    arquivo_menu.add_
command(label="Import
ar de Planilha 
Excel...", command=se
lf.abrir_importador_e
xcel)
                     
                     
                     
             ^^^^^^^^
^^^^^^^^^^^^^^^^^^^
AttributeError: 
'SistemaFinanceiro' 
object has no 
attribute 'abrir_impo
rtador_excel'. Did 
you mean: 'abrir_impo
rtador_supabase'?

---------------------
---------------------
---------------------
-------
Ran 2 tests in 0.162s

FAILED (errors=2)
